// Jest Snapshot v1, https://goo.gl/fbAQLP

exports[`@domains/product/components/ProductList Given a valid call it must render without crashing 1`] = `<div />`;
