// Jest Snapshot v1, https://goo.gl/fbAQLP

exports[`@domains/layout/adapters/LayoutProvider Given a valid call it must render without crashing 1`] = `
<div>
  <div />
  <footer />
</div>
`;
